../Core/Src/main.c:106:5:main	8	static
../Core/Src/main.c:155:6:SystemClock_Config	88	static
../Core/Src/main.c:202:13:MX_TIM1_Init	96	static
../Core/Src/main.c:286:13:MX_GPIO_Init	48	static
../Core/Src/main.c:372:6:Sequence_moteur_horaire	24	static
../Core/Src/main.c:414:6:Sequence_moteur_antihoraire	24	static
../Core/Src/main.c:458:6:Simulation_capteurs_Hall	8	static
../Core/Src/main.c:475:6:All_GPIO_to_0	8	static
../Core/Src/main.c:487:6:HAL_GPIO_EXTI_Callback	16	static
../Core/Src/main.c:500:6:Error_Handler	4	static,ignoring_inline_asm
